Info: Starting: Create block symbol file (.bsf)
Info: qsys-generate C:\Users\and-h\Documents\GitHub\Arqui1\Proyecto1\Filter-GPU\microSD.qsys --block-symbol-file --output-directory=C:\Users\and-h\Documents\GitHub\Arqui1\Proyecto1\Filter-GPU\microSD --family="Cyclone V" --part=5CSEMA5F31C6
Progress: Loading Filter-GPU/microSD.qsys
Progress: Reading input file
Progress: Adding Altera_UP_SD_Card_Avalon_Interface_0 [Altera_UP_SD_Card_Avalon_Interface 17.1]
Progress: Parameterizing module Altera_UP_SD_Card_Avalon_Interface_0
Progress: Building connections
Progress: Parameterizing connections
Progress: Validating
Progress: Done reading input file
Info: qsys-generate succeeded.
Info: Finished: Create block symbol file (.bsf)
Info: 
Info: Starting: Create HDL design files for synthesis
Info: qsys-generate C:\Users\and-h\Documents\GitHub\Arqui1\Proyecto1\Filter-GPU\microSD.qsys --synthesis=VERILOG --output-directory=C:\Users\and-h\Documents\GitHub\Arqui1\Proyecto1\Filter-GPU\microSD\synthesis --family="Cyclone V" --part=5CSEMA5F31C6
Progress: Loading Filter-GPU/microSD.qsys
Progress: Reading input file
Progress: Adding Altera_UP_SD_Card_Avalon_Interface_0 [Altera_UP_SD_Card_Avalon_Interface 17.1]
Progress: Parameterizing module Altera_UP_SD_Card_Avalon_Interface_0
Progress: Building connections
Progress: Parameterizing connections
Progress: Validating
Progress: Done reading input file
Info: microSD: Generating microSD "microSD" for QUARTUS_SYNTH
Info: Altera_UP_SD_Card_Avalon_Interface_0: "microSD" instantiated Altera_UP_SD_Card_Avalon_Interface "Altera_UP_SD_Card_Avalon_Interface_0"
Info: microSD: Done "microSD" with 2 modules, 12 files
Info: qsys-generate succeeded.
Info: Finished: Create HDL design files for synthesis
