------------------------------------------------------------
Timing Analyzer Summary
------------------------------------------------------------

Type  : Slow 1100mV 85C Model Setup 'clk'
Slack : -3.596
TNS   : -3.596

Type  : Slow 1100mV 85C Model Setup 'clk25'
Slack : -2.456
TNS   : -66.628

Type  : Slow 1100mV 85C Model Hold 'clk25'
Slack : 0.676
TNS   : 0.000

Type  : Slow 1100mV 85C Model Hold 'clk'
Slack : 1.169
TNS   : 0.000

Type  : Slow 1100mV 85C Model Minimum Pulse Width 'clk'
Slack : -0.810
TNS   : -1.377

Type  : Slow 1100mV 85C Model Minimum Pulse Width 'clk25'
Slack : -0.394
TNS   : -17.225

Type  : Slow 1100mV 0C Model Setup 'clk'
Slack : -3.521
TNS   : -3.521

Type  : Slow 1100mV 0C Model Setup 'clk25'
Slack : -2.455
TNS   : -66.149

Type  : Slow 1100mV 0C Model Hold 'clk25'
Slack : 0.664
TNS   : 0.000

Type  : Slow 1100mV 0C Model Hold 'clk'
Slack : 1.202
TNS   : 0.000

Type  : Slow 1100mV 0C Model Minimum Pulse Width 'clk'
Slack : -0.802
TNS   : -1.394

Type  : Slow 1100mV 0C Model Minimum Pulse Width 'clk25'
Slack : -0.394
TNS   : -17.142

Type  : Fast 1100mV 85C Model Setup 'clk'
Slack : -2.840
TNS   : -2.840

Type  : Fast 1100mV 85C Model Setup 'clk25'
Slack : -1.146
TNS   : -28.935

Type  : Fast 1100mV 85C Model Hold 'clk25'
Slack : 0.313
TNS   : 0.000

Type  : Fast 1100mV 85C Model Hold 'clk'
Slack : 1.207
TNS   : 0.000

Type  : Fast 1100mV 85C Model Minimum Pulse Width 'clk'
Slack : -0.705
TNS   : -1.059

Type  : Fast 1100mV 85C Model Minimum Pulse Width 'clk25'
Slack : 0.124
TNS   : 0.000

Type  : Fast 1100mV 0C Model Setup 'clk'
Slack : -2.443
TNS   : -2.443

Type  : Fast 1100mV 0C Model Setup 'clk25'
Slack : -0.998
TNS   : -25.056

Type  : Fast 1100mV 0C Model Hold 'clk25'
Slack : 0.288
TNS   : 0.000

Type  : Fast 1100mV 0C Model Hold 'clk'
Slack : 0.994
TNS   : 0.000

Type  : Fast 1100mV 0C Model Minimum Pulse Width 'clk'
Slack : -0.676
TNS   : -1.011

Type  : Fast 1100mV 0C Model Minimum Pulse Width 'clk25'
Slack : 0.132
TNS   : 0.000

------------------------------------------------------------
