------------------------------------------------------------
Timing Analyzer Summary
------------------------------------------------------------

Type  : Slow 1100mV 85C Model Setup 'Operation[1]'
Slack : -6.333
TNS   : -6.333

Type  : Slow 1100mV 85C Model Hold 'Operation[1]'
Slack : 1.601
TNS   : 0.000

Type  : Slow 1100mV 85C Model Recovery 'Operation[1]'
Slack : -6.445
TNS   : -226.418

Type  : Slow 1100mV 85C Model Removal 'Operation[1]'
Slack : 0.748
TNS   : 0.000

Type  : Slow 1100mV 85C Model Minimum Pulse Width 'Operation[1]'
Slack : 0.170
TNS   : 0.000

Type  : Slow 1100mV 0C Model Setup 'Operation[1]'
Slack : -6.033
TNS   : -6.033

Type  : Slow 1100mV 0C Model Hold 'Operation[1]'
Slack : 1.330
TNS   : 0.000

Type  : Slow 1100mV 0C Model Recovery 'Operation[1]'
Slack : -6.159
TNS   : -217.948

Type  : Slow 1100mV 0C Model Removal 'Operation[1]'
Slack : 0.568
TNS   : 0.000

Type  : Slow 1100mV 0C Model Minimum Pulse Width 'Operation[1]'
Slack : 0.188
TNS   : 0.000

Type  : Fast 1100mV 85C Model Setup 'Operation[1]'
Slack : -3.961
TNS   : -3.961

Type  : Fast 1100mV 85C Model Hold 'Operation[1]'
Slack : 1.276
TNS   : 0.000

Type  : Fast 1100mV 85C Model Recovery 'Operation[1]'
Slack : -4.154
TNS   : -145.342

Type  : Fast 1100mV 85C Model Removal 'Operation[1]'
Slack : 0.578
TNS   : 0.000

Type  : Fast 1100mV 85C Model Minimum Pulse Width 'Operation[1]'
Slack : -0.043
TNS   : -0.756

Type  : Fast 1100mV 0C Model Setup 'Operation[1]'
Slack : -3.586
TNS   : -3.586

Type  : Fast 1100mV 0C Model Hold 'Operation[1]'
Slack : 0.914
TNS   : 0.000

Type  : Fast 1100mV 0C Model Recovery 'Operation[1]'
Slack : -3.772
TNS   : -132.452

Type  : Fast 1100mV 0C Model Removal 'Operation[1]'
Slack : 0.344
TNS   : 0.000

Type  : Fast 1100mV 0C Model Minimum Pulse Width 'Operation[1]'
Slack : -0.029
TNS   : -0.266

------------------------------------------------------------
