------------------------------------------------------------
Timing Analyzer Summary
------------------------------------------------------------

Type  : Slow 1100mV 85C Model Setup 'C[1]'
Slack : -3.621
TNS   : -7.143

Type  : Slow 1100mV 85C Model Hold 'C[1]'
Slack : 1.553
TNS   : 0.000

Type  : Slow 1100mV 85C Model Minimum Pulse Width 'C[1]'
Slack : 0.157
TNS   : 0.000

Type  : Slow 1100mV 0C Model Setup 'C[1]'
Slack : -3.458
TNS   : -6.879

Type  : Slow 1100mV 0C Model Hold 'C[1]'
Slack : 1.392
TNS   : 0.000

Type  : Slow 1100mV 0C Model Minimum Pulse Width 'C[1]'
Slack : 0.182
TNS   : 0.000

Type  : Fast 1100mV 85C Model Setup 'C[1]'
Slack : -2.327
TNS   : -4.595

Type  : Fast 1100mV 85C Model Hold 'C[1]'
Slack : 1.042
TNS   : 0.000

Type  : Fast 1100mV 85C Model Minimum Pulse Width 'C[1]'
Slack : -0.046
TNS   : -0.241

Type  : Fast 1100mV 0C Model Setup 'C[1]'
Slack : -2.104
TNS   : -4.154

Type  : Fast 1100mV 0C Model Hold 'C[1]'
Slack : 0.862
TNS   : 0.000

Type  : Fast 1100mV 0C Model Minimum Pulse Width 'C[1]'
Slack : -0.039
TNS   : -0.189

------------------------------------------------------------
