Analysis & Synthesis report for Filter-GPU
Sat Aug 31 14:05:59 2019
Quartus Prime Version 18.1.0 Build 625 09/12/2018 SJ Lite Edition


---------------------
; Table of Contents ;
---------------------
  1. Legal Notice
  2. Analysis & Synthesis Summary
  3. Analysis & Synthesis Settings
  4. Parallel Compilation
  5. Analysis & Synthesis Messages
  6. Analysis & Synthesis Suppressed Messages



----------------
; Legal Notice ;
----------------
Copyright (C) 2018  Intel Corporation. All rights reserved.
Your use of Intel Corporation's design tools, logic functions 
and other software and tools, and its AMPP partner logic 
functions, and any output files from any of the foregoing 
(including device programming or simulation files), and any 
associated documentation or information are expressly subject 
to the terms and conditions of the Intel Program License 
Subscription Agreement, the Intel Quartus Prime License Agreement,
the Intel FPGA IP License Agreement, or other applicable license
agreement, including, without limitation, that your use is for
the sole purpose of programming logic devices manufactured by
Intel and sold by Intel or its authorized distributors.  Please
refer to the applicable agreement for further details.



+---------------------------------------------------------------------------+
; Analysis & Synthesis Summary                                              ;
+-----------------------------+---------------------------------------------+
; Analysis & Synthesis Status ; Failed - Sat Aug 31 14:05:59 2019           ;
; Quartus Prime Version       ; 18.1.0 Build 625 09/12/2018 SJ Lite Edition ;
; Revision Name               ; Filter-GPU                                  ;
; Top-level Entity Name       ; Fetch                                       ;
; Family                      ; Cyclone V                                   ;
; Logic utilization (in ALMs) ; N/A until Partition Merge                   ;
; Total registers             ; N/A until Partition Merge                   ;
; Total pins                  ; N/A until Partition Merge                   ;
; Total virtual pins          ; N/A until Partition Merge                   ;
; Total block memory bits     ; N/A until Partition Merge                   ;
; Total PLLs                  ; N/A until Partition Merge                   ;
; Total DLLs                  ; N/A until Partition Merge                   ;
+-----------------------------+---------------------------------------------+


+---------------------------------------------------------------------------------------------------------------------------+
; Analysis & Synthesis Settings                                                                                             ;
+---------------------------------------------------------------------------------+--------------------+--------------------+
; Option                                                                          ; Setting            ; Default Value      ;
+---------------------------------------------------------------------------------+--------------------+--------------------+
; Device                                                                          ; 5CSEMA5F31C6       ;                    ;
; Top-level entity name                                                           ; Fetch              ; Filter-GPU         ;
; Family name                                                                     ; Cyclone V          ; Cyclone V          ;
; Use smart compilation                                                           ; Off                ; Off                ;
; Enable parallel Assembler and Timing Analyzer during compilation                ; On                 ; On                 ;
; Enable compact report table                                                     ; Off                ; Off                ;
; Restructure Multiplexers                                                        ; Auto               ; Auto               ;
; MLAB Add Timing Constraints For Mixed-Port Feed-Through Mode Setting Don't Care ; Off                ; Off                ;
; Create Debugging Nodes for IP Cores                                             ; Off                ; Off                ;
; Preserve fewer node names                                                       ; On                 ; On                 ;
; Intel FPGA IP Evaluation Mode                                                   ; Enable             ; Enable             ;
; Verilog Version                                                                 ; Verilog_2001       ; Verilog_2001       ;
; VHDL Version                                                                    ; VHDL_1993          ; VHDL_1993          ;
; State Machine Processing                                                        ; Auto               ; Auto               ;
; Safe State Machine                                                              ; Off                ; Off                ;
; Extract Verilog State Machines                                                  ; On                 ; On                 ;
; Extract VHDL State Machines                                                     ; On                 ; On                 ;
; Ignore Verilog initial constructs                                               ; Off                ; Off                ;
; Iteration limit for constant Verilog loops                                      ; 5000               ; 5000               ;
; Iteration limit for non-constant Verilog loops                                  ; 250                ; 250                ;
; Add Pass-Through Logic to Inferred RAMs                                         ; On                 ; On                 ;
; Infer RAMs from Raw Logic                                                       ; On                 ; On                 ;
; Parallel Synthesis                                                              ; On                 ; On                 ;
; DSP Block Balancing                                                             ; Auto               ; Auto               ;
; NOT Gate Push-Back                                                              ; On                 ; On                 ;
; Power-Up Don't Care                                                             ; On                 ; On                 ;
; Remove Redundant Logic Cells                                                    ; Off                ; Off                ;
; Remove Duplicate Registers                                                      ; On                 ; On                 ;
; Ignore CARRY Buffers                                                            ; Off                ; Off                ;
; Ignore CASCADE Buffers                                                          ; Off                ; Off                ;
; Ignore GLOBAL Buffers                                                           ; Off                ; Off                ;
; Ignore ROW GLOBAL Buffers                                                       ; Off                ; Off                ;
; Ignore LCELL Buffers                                                            ; Off                ; Off                ;
; Ignore SOFT Buffers                                                             ; On                 ; On                 ;
; Limit AHDL Integers to 32 Bits                                                  ; Off                ; Off                ;
; Optimization Technique                                                          ; Balanced           ; Balanced           ;
; Carry Chain Length                                                              ; 70                 ; 70                 ;
; Auto Carry Chains                                                               ; On                 ; On                 ;
; Auto Open-Drain Pins                                                            ; On                 ; On                 ;
; Perform WYSIWYG Primitive Resynthesis                                           ; Off                ; Off                ;
; Auto ROM Replacement                                                            ; On                 ; On                 ;
; Auto RAM Replacement                                                            ; On                 ; On                 ;
; Auto DSP Block Replacement                                                      ; On                 ; On                 ;
; Auto Shift Register Replacement                                                 ; Auto               ; Auto               ;
; Allow Shift Register Merging across Hierarchies                                 ; Auto               ; Auto               ;
; Auto Clock Enable Replacement                                                   ; On                 ; On                 ;
; Strict RAM Replacement                                                          ; Off                ; Off                ;
; Allow Synchronous Control Signals                                               ; On                 ; On                 ;
; Force Use of Synchronous Clear Signals                                          ; Off                ; Off                ;
; Auto Resource Sharing                                                           ; Off                ; Off                ;
; Allow Any RAM Size For Recognition                                              ; Off                ; Off                ;
; Allow Any ROM Size For Recognition                                              ; Off                ; Off                ;
; Allow Any Shift Register Size For Recognition                                   ; Off                ; Off                ;
; Use LogicLock Constraints during Resource Balancing                             ; On                 ; On                 ;
; Ignore translate_off and synthesis_off directives                               ; Off                ; Off                ;
; Timing-Driven Synthesis                                                         ; On                 ; On                 ;
; Report Parameter Settings                                                       ; On                 ; On                 ;
; Report Source Assignments                                                       ; On                 ; On                 ;
; Report Connectivity Checks                                                      ; On                 ; On                 ;
; Ignore Maximum Fan-Out Assignments                                              ; Off                ; Off                ;
; Synchronization Register Chain Length                                           ; 3                  ; 3                  ;
; Power Optimization During Synthesis                                             ; Normal compilation ; Normal compilation ;
; HDL message level                                                               ; Level2             ; Level2             ;
; Suppress Register Optimization Related Messages                                 ; Off                ; Off                ;
; Number of Removed Registers Reported in Synthesis Report                        ; 5000               ; 5000               ;
; Number of Swept Nodes Reported in Synthesis Report                              ; 5000               ; 5000               ;
; Number of Inverted Registers Reported in Synthesis Report                       ; 100                ; 100                ;
; Clock MUX Protection                                                            ; On                 ; On                 ;
; Auto Gated Clock Conversion                                                     ; Off                ; Off                ;
; Block Design Naming                                                             ; Auto               ; Auto               ;
; SDC constraint protection                                                       ; Off                ; Off                ;
; Synthesis Effort                                                                ; Auto               ; Auto               ;
; Shift Register Replacement - Allow Asynchronous Clear Signal                    ; On                 ; On                 ;
; Pre-Mapping Resynthesis Optimization                                            ; Off                ; Off                ;
; Analysis & Synthesis Message Level                                              ; Medium             ; Medium             ;
; Disable Register Merging Across Hierarchies                                     ; Auto               ; Auto               ;
; Resource Aware Inference For Block RAM                                          ; On                 ; On                 ;
; Automatic Parallel Synthesis                                                    ; On                 ; On                 ;
; Partial Reconfiguration Bitstream ID                                            ; Off                ; Off                ;
+---------------------------------------------------------------------------------+--------------------+--------------------+


+------------------------------------------+
; Parallel Compilation                     ;
+----------------------------+-------------+
; Processors                 ; Number      ;
+----------------------------+-------------+
; Number detected on machine ; 8           ;
; Maximum allowed            ; 4           ;
;                            ;             ;
; Average used               ; 1.00        ;
; Maximum used               ; 1           ;
;                            ;             ;
; Usage by Processor         ; % Time Used ;
;     Processor 1            ; 100.0%      ;
+----------------------------+-------------+


+-------------------------------+
; Analysis & Synthesis Messages ;
+-------------------------------+
Info: *******************************************************************
Info: Running Quartus Prime Analysis & Synthesis
    Info: Version 18.1.0 Build 625 09/12/2018 SJ Lite Edition
    Info: Processing started: Sat Aug 31 14:05:44 2019
Info: Command: quartus_map --read_settings_files=on --write_settings_files=off Filter-GPU -c Filter-GPU
Warning (18236): Number of processors has not been specified which may cause overloading on shared machines.  Set the global assignment NUM_PARALLEL_PROCESSORS in your QSF to an appropriate value for best performance.
Info (20030): Parallel compilation is enabled and will use 4 of the 4 processors detected
Info (12021): Found 1 design units, including 1 entities, in source file cpu-components/extendunit.sv
    Info (12023): Found entity 1: extendUnit File: C:/Users/Jose Rivera/Arqui1/Proyecto1/Filter-GPU/CPU-Components/extendUnit.sv Line: 1
Info (12021): Found 1 design units, including 1 entities, in source file datapath.sv
    Info (12023): Found entity 1: DataPath File: C:/Users/Jose Rivera/Arqui1/Proyecto1/Filter-GPU/DataPath.sv Line: 1
Info (12021): Found 1 design units, including 1 entities, in source file testbenchs/vectormemorytb.sv
    Info (12023): Found entity 1: vectorMemoryTB File: C:/Users/Jose Rivera/Arqui1/Proyecto1/Filter-GPU/TestBenchs/vectorMemoryTB.sv Line: 1
Info (12021): Found 1 design units, including 1 entities, in source file testbenchs/datamemorytb.sv
    Info (12023): Found entity 1: dataMemoryTB File: C:/Users/Jose Rivera/Arqui1/Proyecto1/Filter-GPU/TestBenchs/dataMemoryTB.sv Line: 1
Info (12021): Found 1 design units, including 1 entities, in source file testbenchs/aluvectorial_tb.sv
    Info (12023): Found entity 1: aluVectorial_tb File: C:/Users/Jose Rivera/Arqui1/Proyecto1/Filter-GPU/TestBenchs/aluVectorial_tb.sv Line: 1
Info (12021): Found 1 design units, including 1 entities, in source file testbenchs/alumain_tb.sv
    Info (12023): Found entity 1: aluMain_tb File: C:/Users/Jose Rivera/Arqui1/Proyecto1/Filter-GPU/TestBenchs/aluMain_tb.sv Line: 1
Info (12021): Found 1 design units, including 1 entities, in source file pipeline/hazard_unit.sv
    Info (12023): Found entity 1: hazard_unit File: C:/Users/Jose Rivera/Arqui1/Proyecto1/Filter-GPU/Pipeline/hazard_unit.sv Line: 3
Info (12021): Found 1 design units, including 1 entities, in source file mems/imem.sv
    Info (12023): Found entity 1: imem File: C:/Users/Jose Rivera/Arqui1/Proyecto1/Filter-GPU/Mems/imem.sv Line: 1
Info (12021): Found 1 design units, including 1 entities, in source file cpu-steps/datamemory/vectormemory.sv
    Info (12023): Found entity 1: vectorMemory File: C:/Users/Jose Rivera/Arqui1/Proyecto1/Filter-GPU/CPU-Steps/dataMemory/vectorMemory.sv Line: 1
Info (12021): Found 1 design units, including 1 entities, in source file cpu-steps/datamemory/datamemory.sv
    Info (12023): Found entity 1: dataMemory File: C:/Users/Jose Rivera/Arqui1/Proyecto1/Filter-GPU/CPU-Steps/dataMemory/dataMemory.sv Line: 1
Info (12021): Found 1 design units, including 1 entities, in source file cpu-steps/fetch.sv
    Info (12023): Found entity 1: Fetch File: C:/Users/Jose Rivera/Arqui1/Proyecto1/Filter-GPU/CPU-Steps/Fetch.sv Line: 1
Info (12021): Found 1 design units, including 1 entities, in source file cpu-steps/decode.sv
    Info (12023): Found entity 1: Decode File: C:/Users/Jose Rivera/Arqui1/Proyecto1/Filter-GPU/CPU-Steps/Decode.sv Line: 1
Info (12021): Found 1 design units, including 1 entities, in source file cpu-components/regfilevec.sv
    Info (12023): Found entity 1: regfileVec File: C:/Users/Jose Rivera/Arqui1/Proyecto1/Filter-GPU/CPU-Components/regfileVec.sv Line: 2
Info (12021): Found 1 design units, including 1 entities, in source file cpu-components/n_bit_register.sv
    Info (12023): Found entity 1: n_bit_register File: C:/Users/Jose Rivera/Arqui1/Proyecto1/Filter-GPU/CPU-Components/n_bit_register.sv Line: 1
Info (12021): Found 1 design units, including 1 entities, in source file cpu-components/n_bit_mux.sv
    Info (12023): Found entity 1: n_bit_mux File: C:/Users/Jose Rivera/Arqui1/Proyecto1/Filter-GPU/CPU-Components/n_bit_mux.sv Line: 1
Info (12021): Found 1 design units, including 1 entities, in source file cpu-components/mux_3to1.sv
    Info (12023): Found entity 1: mux_3to1 File: C:/Users/Jose Rivera/Arqui1/Proyecto1/Filter-GPU/CPU-Components/mux_3to1.sv Line: 1
Info (12021): Found 1 design units, including 1 entities, in source file cpu-components/mux_2to1_esc.sv
    Info (12023): Found entity 1: mux_2to1_esc File: C:/Users/Jose Rivera/Arqui1/Proyecto1/Filter-GPU/CPU-Components/mux_2to1_esc.sv Line: 1
Info (12021): Found 1 design units, including 1 entities, in source file cpu-components/mux_2to1.sv
    Info (12023): Found entity 1: mux_2to1 File: C:/Users/Jose Rivera/Arqui1/Proyecto1/Filter-GPU/CPU-Components/mux_2to1.sv Line: 1
Info (12021): Found 1 design units, including 1 entities, in source file cpu-components/extend_module.sv
    Info (12023): Found entity 1: extend_module File: C:/Users/Jose Rivera/Arqui1/Proyecto1/Filter-GPU/CPU-Components/extend_module.sv Line: 1
Info (12021): Found 1 design units, including 1 entities, in source file control-unit/main_decoder.sv
    Info (12023): Found entity 1: main_decoder File: C:/Users/Jose Rivera/Arqui1/Proyecto1/Filter-GPU/Control-Unit/main_decoder.sv Line: 1
Info (12021): Found 1 design units, including 1 entities, in source file control-unit/decoder.sv
    Info (12023): Found entity 1: decoder File: C:/Users/Jose Rivera/Arqui1/Proyecto1/Filter-GPU/Control-Unit/decoder.sv Line: 1
Info (12021): Found 1 design units, including 1 entities, in source file control-unit/control_unit.sv
    Info (12023): Found entity 1: control_unit File: C:/Users/Jose Rivera/Arqui1/Proyecto1/Filter-GPU/Control-Unit/control_unit.sv Line: 1
Info (12021): Found 1 design units, including 1 entities, in source file control-unit/condlogic.sv
    Info (12023): Found entity 1: condlogic File: C:/Users/Jose Rivera/Arqui1/Proyecto1/Filter-GPU/Control-Unit/condlogic.sv Line: 1
Info (12021): Found 1 design units, including 1 entities, in source file control-unit/condcheck.sv
    Info (12023): Found entity 1: condcheck File: C:/Users/Jose Rivera/Arqui1/Proyecto1/Filter-GPU/Control-Unit/condcheck.sv Line: 1
Info (12021): Found 1 design units, including 1 entities, in source file control-unit/alu_decoder.sv
    Info (12023): Found entity 1: alu_decoder File: C:/Users/Jose Rivera/Arqui1/Proyecto1/Filter-GPU/Control-Unit/alu_decoder.sv Line: 1
Info (12021): Found 1 design units, including 1 entities, in source file buffers/writebackbuffer.sv
    Info (12023): Found entity 1: writebackBuffer File: C:/Users/Jose Rivera/Arqui1/Proyecto1/Filter-GPU/Buffers/writebackBuffer.sv Line: 1
Info (12021): Found 1 design units, including 1 entities, in source file buffers/registersbuffer.sv
    Info (12023): Found entity 1: registersBuffer File: C:/Users/Jose Rivera/Arqui1/Proyecto1/Filter-GPU/Buffers/registersBuffer.sv Line: 1
Info (12021): Found 1 design units, including 1 entities, in source file buffers/instructionbuffer.sv
    Info (12023): Found entity 1: instructionBuffer File: C:/Users/Jose Rivera/Arqui1/Proyecto1/Filter-GPU/Buffers/instructionBuffer.sv Line: 1
Info (12021): Found 1 design units, including 1 entities, in source file buffers/alubuffer.sv
    Info (12023): Found entity 1: ALUBuffer File: C:/Users/Jose Rivera/Arqui1/Proyecto1/Filter-GPU/Buffers/ALUBuffer.sv Line: 1
Info (12021): Found 1 design units, including 1 entities, in source file alu-vectorial/aluscalar.sv
    Info (12023): Found entity 1: alu File: C:/Users/Jose Rivera/Arqui1/Proyecto1/Filter-GPU/ALU-Vectorial/aluScalar.sv Line: 1
Info (12021): Found 1 design units, including 1 entities, in source file alu-vectorial/alumain.sv
    Info (12023): Found entity 1: aluMain File: C:/Users/Jose Rivera/Arqui1/Proyecto1/Filter-GPU/ALU-Vectorial/aluMain.sv Line: 1
Info (12021): Found 1 design units, including 1 entities, in source file filtergpu.sv
    Info (12023): Found entity 1: filterGPU File: C:/Users/Jose Rivera/Arqui1/Proyecto1/Filter-GPU/filterGPU.sv Line: 1
Error (10161): Verilog HDL error at hazard_unit.sv(1): object "utils" is not declared. Verify the object name is correct. If the name is correct, declare the object. File: C:/Users/Jose Rivera/Arqui1/Proyecto1/Filter-GPU/Pipeline/hazard_unit.sv Line: 1
Warning (10236): Verilog HDL Implicit Net warning at DataPath.sv(13): created implicit net for "PCSrcW" File: C:/Users/Jose Rivera/Arqui1/Proyecto1/Filter-GPU/DataPath.sv Line: 13
Warning (10236): Verilog HDL Implicit Net warning at DataPath.sv(15): created implicit net for "RegWriteW" File: C:/Users/Jose Rivera/Arqui1/Proyecto1/Filter-GPU/DataPath.sv Line: 15
Warning (10236): Verilog HDL Implicit Net warning at DataPath.sv(15): created implicit net for "wa3w" File: C:/Users/Jose Rivera/Arqui1/Proyecto1/Filter-GPU/DataPath.sv Line: 15
Warning (10236): Verilog HDL Implicit Net warning at DataPath.sv(15): created implicit net for "RegSrc" File: C:/Users/Jose Rivera/Arqui1/Proyecto1/Filter-GPU/DataPath.sv Line: 15
Warning (10236): Verilog HDL Implicit Net warning at DataPath.sv(15): created implicit net for "ExtImm" File: C:/Users/Jose Rivera/Arqui1/Proyecto1/Filter-GPU/DataPath.sv Line: 15
Warning (10236): Verilog HDL Implicit Net warning at DataPath.sv(21): created implicit net for "rd1E" File: C:/Users/Jose Rivera/Arqui1/Proyecto1/Filter-GPU/DataPath.sv Line: 21
Warning (10236): Verilog HDL Implicit Net warning at DataPath.sv(21): created implicit net for "rd2E" File: C:/Users/Jose Rivera/Arqui1/Proyecto1/Filter-GPU/DataPath.sv Line: 21
Warning (10236): Verilog HDL Implicit Net warning at DataPath.sv(21): created implicit net for "ExtImmE" File: C:/Users/Jose Rivera/Arqui1/Proyecto1/Filter-GPU/DataPath.sv Line: 21
Warning (10236): Verilog HDL Implicit Net warning at DataPath.sv(21): created implicit net for "PCSrcE" File: C:/Users/Jose Rivera/Arqui1/Proyecto1/Filter-GPU/DataPath.sv Line: 21
Warning (10236): Verilog HDL Implicit Net warning at DataPath.sv(21): created implicit net for "RegWriteE" File: C:/Users/Jose Rivera/Arqui1/Proyecto1/Filter-GPU/DataPath.sv Line: 21
Warning (10236): Verilog HDL Implicit Net warning at DataPath.sv(21): created implicit net for "MemtoRegE" File: C:/Users/Jose Rivera/Arqui1/Proyecto1/Filter-GPU/DataPath.sv Line: 21
Warning (10236): Verilog HDL Implicit Net warning at DataPath.sv(21): created implicit net for "MemWriteE" File: C:/Users/Jose Rivera/Arqui1/Proyecto1/Filter-GPU/DataPath.sv Line: 21
Warning (10236): Verilog HDL Implicit Net warning at DataPath.sv(21): created implicit net for "BranchE" File: C:/Users/Jose Rivera/Arqui1/Proyecto1/Filter-GPU/DataPath.sv Line: 21
Warning (10236): Verilog HDL Implicit Net warning at DataPath.sv(21): created implicit net for "ALUSrcE" File: C:/Users/Jose Rivera/Arqui1/Proyecto1/Filter-GPU/DataPath.sv Line: 21
Warning (10236): Verilog HDL Implicit Net warning at DataPath.sv(21): created implicit net for "FlagWriteE" File: C:/Users/Jose Rivera/Arqui1/Proyecto1/Filter-GPU/DataPath.sv Line: 21
Warning (10236): Verilog HDL Implicit Net warning at DataPath.sv(21): created implicit net for "ALUControlE" File: C:/Users/Jose Rivera/Arqui1/Proyecto1/Filter-GPU/DataPath.sv Line: 21
Warning (10236): Verilog HDL Implicit Net warning at DataPath.sv(21): created implicit net for "WA3E" File: C:/Users/Jose Rivera/Arqui1/Proyecto1/Filter-GPU/DataPath.sv Line: 21
Warning (10236): Verilog HDL Implicit Net warning at DataPath.sv(25): created implicit net for "ResultW" File: C:/Users/Jose Rivera/Arqui1/Proyecto1/Filter-GPU/DataPath.sv Line: 25
Warning (10236): Verilog HDL Implicit Net warning at DataPath.sv(25): created implicit net for "ALUResultM" File: C:/Users/Jose Rivera/Arqui1/Proyecto1/Filter-GPU/DataPath.sv Line: 25
Warning (10236): Verilog HDL Implicit Net warning at DataPath.sv(25): created implicit net for "ForwardAE" File: C:/Users/Jose Rivera/Arqui1/Proyecto1/Filter-GPU/DataPath.sv Line: 25
Warning (10236): Verilog HDL Implicit Net warning at DataPath.sv(25): created implicit net for "SrcAE" File: C:/Users/Jose Rivera/Arqui1/Proyecto1/Filter-GPU/DataPath.sv Line: 25
Warning (10236): Verilog HDL Implicit Net warning at DataPath.sv(26): created implicit net for "ForwardBE" File: C:/Users/Jose Rivera/Arqui1/Proyecto1/Filter-GPU/DataPath.sv Line: 26
Warning (10236): Verilog HDL Implicit Net warning at DataPath.sv(26): created implicit net for "out" File: C:/Users/Jose Rivera/Arqui1/Proyecto1/Filter-GPU/DataPath.sv Line: 26
Warning (10236): Verilog HDL Implicit Net warning at DataPath.sv(27): created implicit net for "SrcBE" File: C:/Users/Jose Rivera/Arqui1/Proyecto1/Filter-GPU/DataPath.sv Line: 27
Warning (10236): Verilog HDL Implicit Net warning at DataPath.sv(31): created implicit net for "res" File: C:/Users/Jose Rivera/Arqui1/Proyecto1/Filter-GPU/DataPath.sv Line: 31
Warning (10236): Verilog HDL Implicit Net warning at DataPath.sv(37): created implicit net for "AluResultE" File: C:/Users/Jose Rivera/Arqui1/Proyecto1/Filter-GPU/DataPath.sv Line: 37
Warning (10236): Verilog HDL Implicit Net warning at DataPath.sv(37): created implicit net for "writeDataM" File: C:/Users/Jose Rivera/Arqui1/Proyecto1/Filter-GPU/DataPath.sv Line: 37
Warning (10236): Verilog HDL Implicit Net warning at DataPath.sv(37): created implicit net for "WA3M" File: C:/Users/Jose Rivera/Arqui1/Proyecto1/Filter-GPU/DataPath.sv Line: 37
Warning (10236): Verilog HDL Implicit Net warning at DataPath.sv(37): created implicit net for "PCSrcM" File: C:/Users/Jose Rivera/Arqui1/Proyecto1/Filter-GPU/DataPath.sv Line: 37
Warning (10236): Verilog HDL Implicit Net warning at DataPath.sv(37): created implicit net for "RegWriteM" File: C:/Users/Jose Rivera/Arqui1/Proyecto1/Filter-GPU/DataPath.sv Line: 37
Warning (10236): Verilog HDL Implicit Net warning at DataPath.sv(37): created implicit net for "MemtoRegM" File: C:/Users/Jose Rivera/Arqui1/Proyecto1/Filter-GPU/DataPath.sv Line: 37
Warning (10236): Verilog HDL Implicit Net warning at DataPath.sv(37): created implicit net for "MemWriteM" File: C:/Users/Jose Rivera/Arqui1/Proyecto1/Filter-GPU/DataPath.sv Line: 37
Info (144001): Generated suppressed messages file C:/Users/Jose Rivera/Arqui1/Proyecto1/Filter-GPU/output_files/Filter-GPU.map.smsg
Error: Quartus Prime Analysis & Synthesis was unsuccessful. 1 error, 33 warnings
    Error: Peak virtual memory: 4793 megabytes
    Error: Processing ended: Sat Aug 31 14:05:59 2019
    Error: Elapsed time: 00:00:15
    Error: Total CPU time (on all processors): 00:00:37


+------------------------------------------+
; Analysis & Synthesis Suppressed Messages ;
+------------------------------------------+
The suppressed messages can be found in C:/Users/Jose Rivera/Arqui1/Proyecto1/Filter-GPU/output_files/Filter-GPU.map.smsg.


