Analysis & Synthesis report for RegFile-Vectorial
Tue Aug 27 01:03:59 2019
Quartus Prime Version 18.0.0 Build 614 04/24/2018 SJ Lite Edition


---------------------
; Table of Contents ;
---------------------
  1. Legal Notice
  2. Analysis & Synthesis Summary
  3. Analysis & Synthesis Settings
  4. Parallel Compilation
  5. Analysis & Synthesis Source Files Read
  6. Analysis & Synthesis Resource Usage Summary
  7. Analysis & Synthesis Resource Utilization by Entity
  8. Registers Removed During Synthesis
  9. General Register Statistics
 10. Parameter Settings for User Entity Instance: Top-level Entity: |regfileVectorial
 11. Post-Synthesis Netlist Statistics for Top Partition
 12. Elapsed Time Per Partition
 13. Analysis & Synthesis Messages



----------------
; Legal Notice ;
----------------
Copyright (C) 2018  Intel Corporation. All rights reserved.
Your use of Intel Corporation's design tools, logic functions 
and other software and tools, and its AMPP partner logic 
functions, and any output files from any of the foregoing 
(including device programming or simulation files), and any 
associated documentation or information are expressly subject 
to the terms and conditions of the Intel Program License 
Subscription Agreement, the Intel Quartus Prime License Agreement,
the Intel FPGA IP License Agreement, or other applicable license
agreement, including, without limitation, that your use is for
the sole purpose of programming logic devices manufactured by
Intel and sold by Intel or its authorized distributors.  Please
refer to the applicable agreement for further details.



+-------------------------------------------------------------------------------+
; Analysis & Synthesis Summary                                                  ;
+---------------------------------+---------------------------------------------+
; Analysis & Synthesis Status     ; Successful - Tue Aug 27 01:03:58 2019       ;
; Quartus Prime Version           ; 18.0.0 Build 614 04/24/2018 SJ Lite Edition ;
; Revision Name                   ; RegFile-Vectorial                           ;
; Top-level Entity Name           ; regfileVectorial                            ;
; Family                          ; Cyclone V                                   ;
; Logic utilization (in ALMs)     ; N/A                                         ;
; Total registers                 ; 270                                         ;
; Total pins                      ; 86                                          ;
; Total virtual pins              ; 0                                           ;
; Total block memory bits         ; 0                                           ;
; Total DSP Blocks                ; 0                                           ;
; Total HSSI RX PCSs              ; 0                                           ;
; Total HSSI PMA RX Deserializers ; 0                                           ;
; Total HSSI TX PCSs              ; 0                                           ;
; Total HSSI PMA TX Serializers   ; 0                                           ;
; Total PLLs                      ; 0                                           ;
; Total DLLs                      ; 0                                           ;
+---------------------------------+---------------------------------------------+


+---------------------------------------------------------------------------------------------------------------------------+
; Analysis & Synthesis Settings                                                                                             ;
+---------------------------------------------------------------------------------+--------------------+--------------------+
; Option                                                                          ; Setting            ; Default Value      ;
+---------------------------------------------------------------------------------+--------------------+--------------------+
; Device                                                                          ; 5CSEMA5F31C6       ;                    ;
; Top-level entity name                                                           ; regfileVectorial   ; RegFile-Vectorial  ;
; Family name                                                                     ; Cyclone V          ; Cyclone V          ;
; Use smart compilation                                                           ; Off                ; Off                ;
; Enable parallel Assembler and Timing Analyzer during compilation                ; On                 ; On                 ;
; Enable compact report table                                                     ; Off                ; Off                ;
; Restructure Multiplexers                                                        ; Auto               ; Auto               ;
; MLAB Add Timing Constraints For Mixed-Port Feed-Through Mode Setting Don't Care ; Off                ; Off                ;
; Create Debugging Nodes for IP Cores                                             ; Off                ; Off                ;
; Preserve fewer node names                                                       ; On                 ; On                 ;
; Intel FPGA IP Evaluation Mode                                                   ; Enable             ; Enable             ;
; Verilog Version                                                                 ; Verilog_2001       ; Verilog_2001       ;
; VHDL Version                                                                    ; VHDL_1993          ; VHDL_1993          ;
; State Machine Processing                                                        ; Auto               ; Auto               ;
; Safe State Machine                                                              ; Off                ; Off                ;
; Extract Verilog State Machines                                                  ; On                 ; On                 ;
; Extract VHDL State Machines                                                     ; On                 ; On                 ;
; Ignore Verilog initial constructs                                               ; Off                ; Off                ;
; Iteration limit for constant Verilog loops                                      ; 5000               ; 5000               ;
; Iteration limit for non-constant Verilog loops                                  ; 250                ; 250                ;
; Add Pass-Through Logic to Inferred RAMs                                         ; On                 ; On                 ;
; Infer RAMs from Raw Logic                                                       ; On                 ; On                 ;
; Parallel Synthesis                                                              ; On                 ; On                 ;
; DSP Block Balancing                                                             ; Auto               ; Auto               ;
; NOT Gate Push-Back                                                              ; On                 ; On                 ;
; Power-Up Don't Care                                                             ; On                 ; On                 ;
; Remove Redundant Logic Cells                                                    ; Off                ; Off                ;
; Remove Duplicate Registers                                                      ; On                 ; On                 ;
; Ignore CARRY Buffers                                                            ; Off                ; Off                ;
; Ignore CASCADE Buffers                                                          ; Off                ; Off                ;
; Ignore GLOBAL Buffers                                                           ; Off                ; Off                ;
; Ignore ROW GLOBAL Buffers                                                       ; Off                ; Off                ;
; Ignore LCELL Buffers                                                            ; Off                ; Off                ;
; Ignore SOFT Buffers                                                             ; On                 ; On                 ;
; Limit AHDL Integers to 32 Bits                                                  ; Off                ; Off                ;
; Optimization Technique                                                          ; Balanced           ; Balanced           ;
; Carry Chain Length                                                              ; 70                 ; 70                 ;
; Auto Carry Chains                                                               ; On                 ; On                 ;
; Auto Open-Drain Pins                                                            ; On                 ; On                 ;
; Perform WYSIWYG Primitive Resynthesis                                           ; Off                ; Off                ;
; Auto ROM Replacement                                                            ; On                 ; On                 ;
; Auto RAM Replacement                                                            ; On                 ; On                 ;
; Auto DSP Block Replacement                                                      ; On                 ; On                 ;
; Auto Shift Register Replacement                                                 ; Auto               ; Auto               ;
; Allow Shift Register Merging across Hierarchies                                 ; Auto               ; Auto               ;
; Auto Clock Enable Replacement                                                   ; On                 ; On                 ;
; Strict RAM Replacement                                                          ; Off                ; Off                ;
; Allow Synchronous Control Signals                                               ; On                 ; On                 ;
; Force Use of Synchronous Clear Signals                                          ; Off                ; Off                ;
; Auto Resource Sharing                                                           ; Off                ; Off                ;
; Allow Any RAM Size For Recognition                                              ; Off                ; Off                ;
; Allow Any ROM Size For Recognition                                              ; Off                ; Off                ;
; Allow Any Shift Register Size For Recognition                                   ; Off                ; Off                ;
; Use LogicLock Constraints during Resource Balancing                             ; On                 ; On                 ;
; Ignore translate_off and synthesis_off directives                               ; Off                ; Off                ;
; Timing-Driven Synthesis                                                         ; On                 ; On                 ;
; Report Parameter Settings                                                       ; On                 ; On                 ;
; Report Source Assignments                                                       ; On                 ; On                 ;
; Report Connectivity Checks                                                      ; On                 ; On                 ;
; Ignore Maximum Fan-Out Assignments                                              ; Off                ; Off                ;
; Synchronization Register Chain Length                                           ; 3                  ; 3                  ;
; Power Optimization During Synthesis                                             ; Normal compilation ; Normal compilation ;
; HDL message level                                                               ; Level2             ; Level2             ;
; Suppress Register Optimization Related Messages                                 ; Off                ; Off                ;
; Number of Removed Registers Reported in Synthesis Report                        ; 5000               ; 5000               ;
; Number of Swept Nodes Reported in Synthesis Report                              ; 5000               ; 5000               ;
; Number of Inverted Registers Reported in Synthesis Report                       ; 100                ; 100                ;
; Clock MUX Protection                                                            ; On                 ; On                 ;
; Auto Gated Clock Conversion                                                     ; Off                ; Off                ;
; Block Design Naming                                                             ; Auto               ; Auto               ;
; SDC constraint protection                                                       ; Off                ; Off                ;
; Synthesis Effort                                                                ; Auto               ; Auto               ;
; Shift Register Replacement - Allow Asynchronous Clear Signal                    ; On                 ; On                 ;
; Pre-Mapping Resynthesis Optimization                                            ; Off                ; Off                ;
; Analysis & Synthesis Message Level                                              ; Medium             ; Medium             ;
; Disable Register Merging Across Hierarchies                                     ; Auto               ; Auto               ;
; Resource Aware Inference For Block RAM                                          ; On                 ; On                 ;
; Automatic Parallel Synthesis                                                    ; On                 ; On                 ;
; Partial Reconfiguration Bitstream ID                                            ; Off                ; Off                ;
+---------------------------------------------------------------------------------+--------------------+--------------------+


+------------------------------------------+
; Parallel Compilation                     ;
+----------------------------+-------------+
; Processors                 ; Number      ;
+----------------------------+-------------+
; Number detected on machine ; 8           ;
; Maximum allowed            ; 4           ;
;                            ;             ;
; Average used               ; 1.00        ;
; Maximum used               ; 1           ;
;                            ;             ;
; Usage by Processor         ; % Time Used ;
;     Processor 1            ; 100.0%      ;
+----------------------------+-------------+


+-------------------------------------------------------------------------------------------------------------------------------------------------------------------------------------+
; Analysis & Synthesis Source Files Read                                                                                                                                              ;
+----------------------------------+-----------------+------------------------------+---------------------------------------------------------------------------------------+---------+
; File Name with User-Entered Path ; Used in Netlist ; File Type                    ; File Name with Absolute Path                                                          ; Library ;
+----------------------------------+-----------------+------------------------------+---------------------------------------------------------------------------------------+---------+
; regfileVectorial.sv              ; yes             ; User SystemVerilog HDL File  ; C:/Users/Pablo/Documents/1-TEC/Arqui1/Proyecto1/RegFile-Vectorial/regfileVectorial.sv ;         ;
+----------------------------------+-----------------+------------------------------+---------------------------------------------------------------------------------------+---------+


+---------------------------------------------------------+
; Analysis & Synthesis Resource Usage Summary             ;
+---------------------------------------------+-----------+
; Resource                                    ; Usage     ;
+---------------------------------------------+-----------+
; Estimate of Logic utilization (ALMs needed) ; 239       ;
;                                             ;           ;
; Combinational ALUT usage for logic          ; 233       ;
;     -- 7 input functions                    ; 0         ;
;     -- 6 input functions                    ; 144       ;
;     -- 5 input functions                    ; 51        ;
;     -- 4 input functions                    ; 2         ;
;     -- <=3 input functions                  ; 36        ;
;                                             ;           ;
; Dedicated logic registers                   ; 270       ;
;                                             ;           ;
; I/O pins                                    ; 86        ;
;                                             ;           ;
; Total DSP Blocks                            ; 0         ;
;                                             ;           ;
; Maximum fan-out node                        ; clk~input ;
; Maximum fan-out                             ; 270       ;
; Total fan-out                               ; 2167      ;
; Average fan-out                             ; 3.21      ;
+---------------------------------------------+-----------+


+---------------------------------------------------------------------------------------------------------------------------------------------------------------------------------------------+
; Analysis & Synthesis Resource Utilization by Entity                                                                                                                                         ;
+----------------------------+---------------------+---------------------------+-------------------+------------+------+--------------+---------------------+------------------+--------------+
; Compilation Hierarchy Node ; Combinational ALUTs ; Dedicated Logic Registers ; Block Memory Bits ; DSP Blocks ; Pins ; Virtual Pins ; Full Hierarchy Name ; Entity Name      ; Library Name ;
+----------------------------+---------------------+---------------------------+-------------------+------------+------+--------------+---------------------+------------------+--------------+
; |regfileVectorial          ; 233 (233)           ; 270 (270)                 ; 0                 ; 0          ; 86   ; 0            ; |regfileVectorial   ; regfileVectorial ; work         ;
+----------------------------+---------------------+---------------------------+-------------------+------------+------+--------------+---------------------+------------------+--------------+
Note: For table entries with two numbers listed, the numbers in parentheses indicate the number of resources of the given type used by the specific entity alone. The numbers listed outside of parentheses indicate the total resources of the given type used by the specific entity and all of its sub-entities in the hierarchy.


+--------------------------------------------------------------+
; Registers Removed During Synthesis                           ;
+-----------------------------------------+--------------------+
; Register name                           ; Reason for Removal ;
+-----------------------------------------+--------------------+
; registerVector~18                       ; Lost fanout        ;
; registerVector~19                       ; Lost fanout        ;
; registerVector~20                       ; Lost fanout        ;
; registerVector~21                       ; Lost fanout        ;
; registerVector~22                       ; Lost fanout        ;
; registerVector~23                       ; Lost fanout        ;
; registerVector~24                       ; Lost fanout        ;
; registerVector~25                       ; Lost fanout        ;
; registerVector~26                       ; Lost fanout        ;
; registerVector~27                       ; Lost fanout        ;
; registerVector~28                       ; Lost fanout        ;
; registerVector~29                       ; Lost fanout        ;
; registerVector~30                       ; Lost fanout        ;
; registerVector~31                       ; Lost fanout        ;
; registerVector~32                       ; Lost fanout        ;
; registerVector~33                       ; Lost fanout        ;
; registerVector~34                       ; Lost fanout        ;
; registerVector~35                       ; Lost fanout        ;
; registerVector~36                       ; Lost fanout        ;
; registerVector~37                       ; Lost fanout        ;
; registerVector~38                       ; Lost fanout        ;
; registerVector~39                       ; Lost fanout        ;
; registerVector~40                       ; Lost fanout        ;
; registerVector~41                       ; Lost fanout        ;
; registerVector~42                       ; Lost fanout        ;
; registerVector~43                       ; Lost fanout        ;
; registerVector~44                       ; Lost fanout        ;
; registerVector~45                       ; Lost fanout        ;
; registerVector~46                       ; Lost fanout        ;
; registerVector~47                       ; Lost fanout        ;
; registerVector~48                       ; Lost fanout        ;
; registerVector~49                       ; Lost fanout        ;
; registerVector~50                       ; Lost fanout        ;
; registerVector~51                       ; Lost fanout        ;
; registerVector~52                       ; Lost fanout        ;
; registerVector~53                       ; Lost fanout        ;
; registerVector~72                       ; Lost fanout        ;
; registerVector~73                       ; Lost fanout        ;
; registerVector~74                       ; Lost fanout        ;
; registerVector~75                       ; Lost fanout        ;
; registerVector~76                       ; Lost fanout        ;
; registerVector~77                       ; Lost fanout        ;
; registerVector~78                       ; Lost fanout        ;
; registerVector~79                       ; Lost fanout        ;
; registerVector~80                       ; Lost fanout        ;
; registerVector~81                       ; Lost fanout        ;
; registerVector~82                       ; Lost fanout        ;
; registerVector~83                       ; Lost fanout        ;
; registerVector~84                       ; Lost fanout        ;
; registerVector~85                       ; Lost fanout        ;
; registerVector~86                       ; Lost fanout        ;
; registerVector~87                       ; Lost fanout        ;
; registerVector~88                       ; Lost fanout        ;
; registerVector~89                       ; Lost fanout        ;
; registerVector~90                       ; Lost fanout        ;
; registerVector~91                       ; Lost fanout        ;
; registerVector~92                       ; Lost fanout        ;
; registerVector~93                       ; Lost fanout        ;
; registerVector~94                       ; Lost fanout        ;
; registerVector~95                       ; Lost fanout        ;
; registerVector~96                       ; Lost fanout        ;
; registerVector~97                       ; Lost fanout        ;
; registerVector~98                       ; Lost fanout        ;
; registerVector~99                       ; Lost fanout        ;
; registerVector~100                      ; Lost fanout        ;
; registerVector~101                      ; Lost fanout        ;
; registerVector~102                      ; Lost fanout        ;
; registerVector~103                      ; Lost fanout        ;
; registerVector~104                      ; Lost fanout        ;
; registerVector~105                      ; Lost fanout        ;
; registerVector~106                      ; Lost fanout        ;
; registerVector~107                      ; Lost fanout        ;
; registerVector~126                      ; Lost fanout        ;
; registerVector~127                      ; Lost fanout        ;
; registerVector~128                      ; Lost fanout        ;
; registerVector~129                      ; Lost fanout        ;
; registerVector~130                      ; Lost fanout        ;
; registerVector~131                      ; Lost fanout        ;
; registerVector~132                      ; Lost fanout        ;
; registerVector~133                      ; Lost fanout        ;
; registerVector~134                      ; Lost fanout        ;
; registerVector~135                      ; Lost fanout        ;
; registerVector~136                      ; Lost fanout        ;
; registerVector~137                      ; Lost fanout        ;
; registerVector~138                      ; Lost fanout        ;
; registerVector~139                      ; Lost fanout        ;
; registerVector~140                      ; Lost fanout        ;
; registerVector~141                      ; Lost fanout        ;
; registerVector~142                      ; Lost fanout        ;
; registerVector~143                      ; Lost fanout        ;
; registerVector~144                      ; Lost fanout        ;
; registerVector~145                      ; Lost fanout        ;
; registerVector~146                      ; Lost fanout        ;
; registerVector~147                      ; Lost fanout        ;
; registerVector~148                      ; Lost fanout        ;
; registerVector~149                      ; Lost fanout        ;
; registerVector~150                      ; Lost fanout        ;
; registerVector~151                      ; Lost fanout        ;
; registerVector~152                      ; Lost fanout        ;
; registerVector~153                      ; Lost fanout        ;
; registerVector~154                      ; Lost fanout        ;
; registerVector~155                      ; Lost fanout        ;
; registerVector~156                      ; Lost fanout        ;
; registerVector~157                      ; Lost fanout        ;
; registerVector~158                      ; Lost fanout        ;
; registerVector~159                      ; Lost fanout        ;
; registerVector~160                      ; Lost fanout        ;
; registerVector~161                      ; Lost fanout        ;
; registerVector~180                      ; Lost fanout        ;
; registerVector~181                      ; Lost fanout        ;
; registerVector~182                      ; Lost fanout        ;
; registerVector~183                      ; Lost fanout        ;
; registerVector~184                      ; Lost fanout        ;
; registerVector~185                      ; Lost fanout        ;
; registerVector~186                      ; Lost fanout        ;
; registerVector~187                      ; Lost fanout        ;
; registerVector~188                      ; Lost fanout        ;
; registerVector~189                      ; Lost fanout        ;
; registerVector~190                      ; Lost fanout        ;
; registerVector~191                      ; Lost fanout        ;
; registerVector~192                      ; Lost fanout        ;
; registerVector~193                      ; Lost fanout        ;
; registerVector~194                      ; Lost fanout        ;
; registerVector~195                      ; Lost fanout        ;
; registerVector~196                      ; Lost fanout        ;
; registerVector~197                      ; Lost fanout        ;
; registerVector~198                      ; Lost fanout        ;
; registerVector~199                      ; Lost fanout        ;
; registerVector~200                      ; Lost fanout        ;
; registerVector~201                      ; Lost fanout        ;
; registerVector~202                      ; Lost fanout        ;
; registerVector~203                      ; Lost fanout        ;
; registerVector~204                      ; Lost fanout        ;
; registerVector~205                      ; Lost fanout        ;
; registerVector~206                      ; Lost fanout        ;
; registerVector~207                      ; Lost fanout        ;
; registerVector~208                      ; Lost fanout        ;
; registerVector~209                      ; Lost fanout        ;
; registerVector~210                      ; Lost fanout        ;
; registerVector~211                      ; Lost fanout        ;
; registerVector~212                      ; Lost fanout        ;
; registerVector~213                      ; Lost fanout        ;
; registerVector~214                      ; Lost fanout        ;
; registerVector~215                      ; Lost fanout        ;
; registerVector~234                      ; Lost fanout        ;
; registerVector~235                      ; Lost fanout        ;
; registerVector~236                      ; Lost fanout        ;
; registerVector~237                      ; Lost fanout        ;
; registerVector~238                      ; Lost fanout        ;
; registerVector~239                      ; Lost fanout        ;
; registerVector~240                      ; Lost fanout        ;
; registerVector~241                      ; Lost fanout        ;
; registerVector~242                      ; Lost fanout        ;
; registerVector~243                      ; Lost fanout        ;
; registerVector~244                      ; Lost fanout        ;
; registerVector~245                      ; Lost fanout        ;
; registerVector~246                      ; Lost fanout        ;
; registerVector~247                      ; Lost fanout        ;
; registerVector~248                      ; Lost fanout        ;
; registerVector~249                      ; Lost fanout        ;
; registerVector~250                      ; Lost fanout        ;
; registerVector~251                      ; Lost fanout        ;
; registerVector~252                      ; Lost fanout        ;
; registerVector~253                      ; Lost fanout        ;
; registerVector~254                      ; Lost fanout        ;
; registerVector~255                      ; Lost fanout        ;
; registerVector~256                      ; Lost fanout        ;
; registerVector~257                      ; Lost fanout        ;
; registerVector~258                      ; Lost fanout        ;
; registerVector~259                      ; Lost fanout        ;
; registerVector~260                      ; Lost fanout        ;
; registerVector~261                      ; Lost fanout        ;
; registerVector~262                      ; Lost fanout        ;
; registerVector~263                      ; Lost fanout        ;
; registerVector~264                      ; Lost fanout        ;
; registerVector~265                      ; Lost fanout        ;
; registerVector~266                      ; Lost fanout        ;
; registerVector~267                      ; Lost fanout        ;
; registerVector~268                      ; Lost fanout        ;
; registerVector~269                      ; Lost fanout        ;
; registerVector~288                      ; Lost fanout        ;
; registerVector~289                      ; Lost fanout        ;
; registerVector~290                      ; Lost fanout        ;
; registerVector~291                      ; Lost fanout        ;
; registerVector~292                      ; Lost fanout        ;
; registerVector~293                      ; Lost fanout        ;
; registerVector~294                      ; Lost fanout        ;
; registerVector~295                      ; Lost fanout        ;
; registerVector~296                      ; Lost fanout        ;
; registerVector~297                      ; Lost fanout        ;
; registerVector~298                      ; Lost fanout        ;
; registerVector~299                      ; Lost fanout        ;
; registerVector~300                      ; Lost fanout        ;
; registerVector~301                      ; Lost fanout        ;
; registerVector~302                      ; Lost fanout        ;
; registerVector~303                      ; Lost fanout        ;
; registerVector~304                      ; Lost fanout        ;
; registerVector~305                      ; Lost fanout        ;
; registerVector~306                      ; Lost fanout        ;
; registerVector~307                      ; Lost fanout        ;
; registerVector~308                      ; Lost fanout        ;
; registerVector~309                      ; Lost fanout        ;
; registerVector~310                      ; Lost fanout        ;
; registerVector~311                      ; Lost fanout        ;
; registerVector~312                      ; Lost fanout        ;
; registerVector~313                      ; Lost fanout        ;
; registerVector~314                      ; Lost fanout        ;
; registerVector~315                      ; Lost fanout        ;
; registerVector~316                      ; Lost fanout        ;
; registerVector~317                      ; Lost fanout        ;
; registerVector~318                      ; Lost fanout        ;
; registerVector~319                      ; Lost fanout        ;
; registerVector~320                      ; Lost fanout        ;
; registerVector~321                      ; Lost fanout        ;
; registerVector~322                      ; Lost fanout        ;
; registerVector~323                      ; Lost fanout        ;
; registerVector~342                      ; Lost fanout        ;
; registerVector~343                      ; Lost fanout        ;
; registerVector~344                      ; Lost fanout        ;
; registerVector~345                      ; Lost fanout        ;
; registerVector~346                      ; Lost fanout        ;
; registerVector~347                      ; Lost fanout        ;
; registerVector~348                      ; Lost fanout        ;
; registerVector~349                      ; Lost fanout        ;
; registerVector~350                      ; Lost fanout        ;
; registerVector~351                      ; Lost fanout        ;
; registerVector~352                      ; Lost fanout        ;
; registerVector~353                      ; Lost fanout        ;
; registerVector~354                      ; Lost fanout        ;
; registerVector~355                      ; Lost fanout        ;
; registerVector~356                      ; Lost fanout        ;
; registerVector~357                      ; Lost fanout        ;
; registerVector~358                      ; Lost fanout        ;
; registerVector~359                      ; Lost fanout        ;
; registerVector~360                      ; Lost fanout        ;
; registerVector~361                      ; Lost fanout        ;
; registerVector~362                      ; Lost fanout        ;
; registerVector~363                      ; Lost fanout        ;
; registerVector~364                      ; Lost fanout        ;
; registerVector~365                      ; Lost fanout        ;
; registerVector~366                      ; Lost fanout        ;
; registerVector~367                      ; Lost fanout        ;
; registerVector~368                      ; Lost fanout        ;
; registerVector~369                      ; Lost fanout        ;
; registerVector~370                      ; Lost fanout        ;
; registerVector~371                      ; Lost fanout        ;
; registerVector~372                      ; Lost fanout        ;
; registerVector~373                      ; Lost fanout        ;
; registerVector~374                      ; Lost fanout        ;
; registerVector~375                      ; Lost fanout        ;
; registerVector~376                      ; Lost fanout        ;
; registerVector~377                      ; Lost fanout        ;
; registerVector~396                      ; Lost fanout        ;
; registerVector~397                      ; Lost fanout        ;
; registerVector~398                      ; Lost fanout        ;
; registerVector~399                      ; Lost fanout        ;
; registerVector~400                      ; Lost fanout        ;
; registerVector~401                      ; Lost fanout        ;
; registerVector~402                      ; Lost fanout        ;
; registerVector~403                      ; Lost fanout        ;
; registerVector~404                      ; Lost fanout        ;
; registerVector~405                      ; Lost fanout        ;
; registerVector~406                      ; Lost fanout        ;
; registerVector~407                      ; Lost fanout        ;
; registerVector~408                      ; Lost fanout        ;
; registerVector~409                      ; Lost fanout        ;
; registerVector~410                      ; Lost fanout        ;
; registerVector~411                      ; Lost fanout        ;
; registerVector~412                      ; Lost fanout        ;
; registerVector~413                      ; Lost fanout        ;
; registerVector~414                      ; Lost fanout        ;
; registerVector~415                      ; Lost fanout        ;
; registerVector~416                      ; Lost fanout        ;
; registerVector~417                      ; Lost fanout        ;
; registerVector~418                      ; Lost fanout        ;
; registerVector~419                      ; Lost fanout        ;
; registerVector~420                      ; Lost fanout        ;
; registerVector~421                      ; Lost fanout        ;
; registerVector~422                      ; Lost fanout        ;
; registerVector~423                      ; Lost fanout        ;
; registerVector~424                      ; Lost fanout        ;
; registerVector~425                      ; Lost fanout        ;
; registerVector~426                      ; Lost fanout        ;
; registerVector~427                      ; Lost fanout        ;
; registerVector~428                      ; Lost fanout        ;
; registerVector~429                      ; Lost fanout        ;
; registerVector~430                      ; Lost fanout        ;
; registerVector~431                      ; Lost fanout        ;
; registerVector~450                      ; Lost fanout        ;
; registerVector~451                      ; Lost fanout        ;
; registerVector~452                      ; Lost fanout        ;
; registerVector~453                      ; Lost fanout        ;
; registerVector~454                      ; Lost fanout        ;
; registerVector~455                      ; Lost fanout        ;
; registerVector~456                      ; Lost fanout        ;
; registerVector~457                      ; Lost fanout        ;
; registerVector~458                      ; Lost fanout        ;
; registerVector~459                      ; Lost fanout        ;
; registerVector~460                      ; Lost fanout        ;
; registerVector~461                      ; Lost fanout        ;
; registerVector~462                      ; Lost fanout        ;
; registerVector~463                      ; Lost fanout        ;
; registerVector~464                      ; Lost fanout        ;
; registerVector~465                      ; Lost fanout        ;
; registerVector~466                      ; Lost fanout        ;
; registerVector~467                      ; Lost fanout        ;
; registerVector~468                      ; Lost fanout        ;
; registerVector~469                      ; Lost fanout        ;
; registerVector~470                      ; Lost fanout        ;
; registerVector~471                      ; Lost fanout        ;
; registerVector~472                      ; Lost fanout        ;
; registerVector~473                      ; Lost fanout        ;
; registerVector~474                      ; Lost fanout        ;
; registerVector~475                      ; Lost fanout        ;
; registerVector~476                      ; Lost fanout        ;
; registerVector~477                      ; Lost fanout        ;
; registerVector~478                      ; Lost fanout        ;
; registerVector~479                      ; Lost fanout        ;
; registerVector~480                      ; Lost fanout        ;
; registerVector~481                      ; Lost fanout        ;
; registerVector~482                      ; Lost fanout        ;
; registerVector~483                      ; Lost fanout        ;
; registerVector~484                      ; Lost fanout        ;
; registerVector~485                      ; Lost fanout        ;
; registerVector~504                      ; Lost fanout        ;
; registerVector~505                      ; Lost fanout        ;
; registerVector~506                      ; Lost fanout        ;
; registerVector~507                      ; Lost fanout        ;
; registerVector~508                      ; Lost fanout        ;
; registerVector~509                      ; Lost fanout        ;
; registerVector~510                      ; Lost fanout        ;
; registerVector~511                      ; Lost fanout        ;
; registerVector~512                      ; Lost fanout        ;
; registerVector~513                      ; Lost fanout        ;
; registerVector~514                      ; Lost fanout        ;
; registerVector~515                      ; Lost fanout        ;
; registerVector~516                      ; Lost fanout        ;
; registerVector~517                      ; Lost fanout        ;
; registerVector~518                      ; Lost fanout        ;
; registerVector~519                      ; Lost fanout        ;
; registerVector~520                      ; Lost fanout        ;
; registerVector~521                      ; Lost fanout        ;
; registerVector~522                      ; Lost fanout        ;
; registerVector~523                      ; Lost fanout        ;
; registerVector~524                      ; Lost fanout        ;
; registerVector~525                      ; Lost fanout        ;
; registerVector~526                      ; Lost fanout        ;
; registerVector~527                      ; Lost fanout        ;
; registerVector~528                      ; Lost fanout        ;
; registerVector~529                      ; Lost fanout        ;
; registerVector~530                      ; Lost fanout        ;
; registerVector~531                      ; Lost fanout        ;
; registerVector~532                      ; Lost fanout        ;
; registerVector~533                      ; Lost fanout        ;
; registerVector~534                      ; Lost fanout        ;
; registerVector~535                      ; Lost fanout        ;
; registerVector~536                      ; Lost fanout        ;
; registerVector~537                      ; Lost fanout        ;
; registerVector~538                      ; Lost fanout        ;
; registerVector~539                      ; Lost fanout        ;
; registerVector~558                      ; Lost fanout        ;
; registerVector~559                      ; Lost fanout        ;
; registerVector~560                      ; Lost fanout        ;
; registerVector~561                      ; Lost fanout        ;
; registerVector~562                      ; Lost fanout        ;
; registerVector~563                      ; Lost fanout        ;
; registerVector~564                      ; Lost fanout        ;
; registerVector~565                      ; Lost fanout        ;
; registerVector~566                      ; Lost fanout        ;
; registerVector~567                      ; Lost fanout        ;
; registerVector~568                      ; Lost fanout        ;
; registerVector~569                      ; Lost fanout        ;
; registerVector~570                      ; Lost fanout        ;
; registerVector~571                      ; Lost fanout        ;
; registerVector~572                      ; Lost fanout        ;
; registerVector~573                      ; Lost fanout        ;
; registerVector~574                      ; Lost fanout        ;
; registerVector~575                      ; Lost fanout        ;
; registerVector~576                      ; Lost fanout        ;
; registerVector~577                      ; Lost fanout        ;
; registerVector~578                      ; Lost fanout        ;
; registerVector~579                      ; Lost fanout        ;
; registerVector~580                      ; Lost fanout        ;
; registerVector~581                      ; Lost fanout        ;
; registerVector~582                      ; Lost fanout        ;
; registerVector~583                      ; Lost fanout        ;
; registerVector~584                      ; Lost fanout        ;
; registerVector~585                      ; Lost fanout        ;
; registerVector~586                      ; Lost fanout        ;
; registerVector~587                      ; Lost fanout        ;
; registerVector~588                      ; Lost fanout        ;
; registerVector~589                      ; Lost fanout        ;
; registerVector~590                      ; Lost fanout        ;
; registerVector~591                      ; Lost fanout        ;
; registerVector~592                      ; Lost fanout        ;
; registerVector~593                      ; Lost fanout        ;
; registerVector~612                      ; Lost fanout        ;
; registerVector~613                      ; Lost fanout        ;
; registerVector~614                      ; Lost fanout        ;
; registerVector~615                      ; Lost fanout        ;
; registerVector~616                      ; Lost fanout        ;
; registerVector~617                      ; Lost fanout        ;
; registerVector~618                      ; Lost fanout        ;
; registerVector~619                      ; Lost fanout        ;
; registerVector~620                      ; Lost fanout        ;
; registerVector~621                      ; Lost fanout        ;
; registerVector~622                      ; Lost fanout        ;
; registerVector~623                      ; Lost fanout        ;
; registerVector~624                      ; Lost fanout        ;
; registerVector~625                      ; Lost fanout        ;
; registerVector~626                      ; Lost fanout        ;
; registerVector~627                      ; Lost fanout        ;
; registerVector~628                      ; Lost fanout        ;
; registerVector~629                      ; Lost fanout        ;
; registerVector~630                      ; Lost fanout        ;
; registerVector~631                      ; Lost fanout        ;
; registerVector~632                      ; Lost fanout        ;
; registerVector~633                      ; Lost fanout        ;
; registerVector~634                      ; Lost fanout        ;
; registerVector~635                      ; Lost fanout        ;
; registerVector~636                      ; Lost fanout        ;
; registerVector~637                      ; Lost fanout        ;
; registerVector~638                      ; Lost fanout        ;
; registerVector~639                      ; Lost fanout        ;
; registerVector~640                      ; Lost fanout        ;
; registerVector~641                      ; Lost fanout        ;
; registerVector~642                      ; Lost fanout        ;
; registerVector~643                      ; Lost fanout        ;
; registerVector~644                      ; Lost fanout        ;
; registerVector~645                      ; Lost fanout        ;
; registerVector~646                      ; Lost fanout        ;
; registerVector~647                      ; Lost fanout        ;
; registerVector~666                      ; Lost fanout        ;
; registerVector~667                      ; Lost fanout        ;
; registerVector~668                      ; Lost fanout        ;
; registerVector~669                      ; Lost fanout        ;
; registerVector~670                      ; Lost fanout        ;
; registerVector~671                      ; Lost fanout        ;
; registerVector~672                      ; Lost fanout        ;
; registerVector~673                      ; Lost fanout        ;
; registerVector~674                      ; Lost fanout        ;
; registerVector~675                      ; Lost fanout        ;
; registerVector~676                      ; Lost fanout        ;
; registerVector~677                      ; Lost fanout        ;
; registerVector~678                      ; Lost fanout        ;
; registerVector~679                      ; Lost fanout        ;
; registerVector~680                      ; Lost fanout        ;
; registerVector~681                      ; Lost fanout        ;
; registerVector~682                      ; Lost fanout        ;
; registerVector~683                      ; Lost fanout        ;
; registerVector~684                      ; Lost fanout        ;
; registerVector~685                      ; Lost fanout        ;
; registerVector~686                      ; Lost fanout        ;
; registerVector~687                      ; Lost fanout        ;
; registerVector~688                      ; Lost fanout        ;
; registerVector~689                      ; Lost fanout        ;
; registerVector~690                      ; Lost fanout        ;
; registerVector~691                      ; Lost fanout        ;
; registerVector~692                      ; Lost fanout        ;
; registerVector~693                      ; Lost fanout        ;
; registerVector~694                      ; Lost fanout        ;
; registerVector~695                      ; Lost fanout        ;
; registerVector~696                      ; Lost fanout        ;
; registerVector~697                      ; Lost fanout        ;
; registerVector~698                      ; Lost fanout        ;
; registerVector~699                      ; Lost fanout        ;
; registerVector~700                      ; Lost fanout        ;
; registerVector~701                      ; Lost fanout        ;
; registerVector~720                      ; Lost fanout        ;
; registerVector~721                      ; Lost fanout        ;
; registerVector~722                      ; Lost fanout        ;
; registerVector~723                      ; Lost fanout        ;
; registerVector~724                      ; Lost fanout        ;
; registerVector~725                      ; Lost fanout        ;
; registerVector~726                      ; Lost fanout        ;
; registerVector~727                      ; Lost fanout        ;
; registerVector~728                      ; Lost fanout        ;
; registerVector~729                      ; Lost fanout        ;
; registerVector~730                      ; Lost fanout        ;
; registerVector~731                      ; Lost fanout        ;
; registerVector~732                      ; Lost fanout        ;
; registerVector~733                      ; Lost fanout        ;
; registerVector~734                      ; Lost fanout        ;
; registerVector~735                      ; Lost fanout        ;
; registerVector~736                      ; Lost fanout        ;
; registerVector~737                      ; Lost fanout        ;
; registerVector~738                      ; Lost fanout        ;
; registerVector~739                      ; Lost fanout        ;
; registerVector~740                      ; Lost fanout        ;
; registerVector~741                      ; Lost fanout        ;
; registerVector~742                      ; Lost fanout        ;
; registerVector~743                      ; Lost fanout        ;
; registerVector~744                      ; Lost fanout        ;
; registerVector~745                      ; Lost fanout        ;
; registerVector~746                      ; Lost fanout        ;
; registerVector~747                      ; Lost fanout        ;
; registerVector~748                      ; Lost fanout        ;
; registerVector~749                      ; Lost fanout        ;
; registerVector~750                      ; Lost fanout        ;
; registerVector~751                      ; Lost fanout        ;
; registerVector~752                      ; Lost fanout        ;
; registerVector~753                      ; Lost fanout        ;
; registerVector~754                      ; Lost fanout        ;
; registerVector~755                      ; Lost fanout        ;
; registerVector~774                      ; Lost fanout        ;
; registerVector~775                      ; Lost fanout        ;
; registerVector~776                      ; Lost fanout        ;
; registerVector~777                      ; Lost fanout        ;
; registerVector~778                      ; Lost fanout        ;
; registerVector~779                      ; Lost fanout        ;
; registerVector~780                      ; Lost fanout        ;
; registerVector~781                      ; Lost fanout        ;
; registerVector~782                      ; Lost fanout        ;
; registerVector~783                      ; Lost fanout        ;
; registerVector~784                      ; Lost fanout        ;
; registerVector~785                      ; Lost fanout        ;
; registerVector~786                      ; Lost fanout        ;
; registerVector~787                      ; Lost fanout        ;
; registerVector~788                      ; Lost fanout        ;
; registerVector~789                      ; Lost fanout        ;
; registerVector~790                      ; Lost fanout        ;
; registerVector~791                      ; Lost fanout        ;
; registerVector~792                      ; Lost fanout        ;
; registerVector~793                      ; Lost fanout        ;
; registerVector~794                      ; Lost fanout        ;
; registerVector~795                      ; Lost fanout        ;
; registerVector~796                      ; Lost fanout        ;
; registerVector~797                      ; Lost fanout        ;
; registerVector~798                      ; Lost fanout        ;
; registerVector~799                      ; Lost fanout        ;
; registerVector~800                      ; Lost fanout        ;
; registerVector~801                      ; Lost fanout        ;
; registerVector~802                      ; Lost fanout        ;
; registerVector~803                      ; Lost fanout        ;
; registerVector~804                      ; Lost fanout        ;
; registerVector~805                      ; Lost fanout        ;
; registerVector~806                      ; Lost fanout        ;
; registerVector~807                      ; Lost fanout        ;
; registerVector~808                      ; Lost fanout        ;
; registerVector~809                      ; Lost fanout        ;
; Total Number of Removed Registers = 540 ;                    ;
+-----------------------------------------+--------------------+


+------------------------------------------------------+
; General Register Statistics                          ;
+----------------------------------------------+-------+
; Statistic                                    ; Value ;
+----------------------------------------------+-------+
; Total registers                              ; 270   ;
; Number of registers using Synchronous Clear  ; 0     ;
; Number of registers using Synchronous Load   ; 0     ;
; Number of registers using Asynchronous Clear ; 0     ;
; Number of registers using Asynchronous Load  ; 0     ;
; Number of registers using Clock Enable       ; 270   ;
; Number of registers using Preset             ; 0     ;
+----------------------------------------------+-------+


+----------------------------------------------------------------------------------+
; Parameter Settings for User Entity Instance: Top-level Entity: |regfileVectorial ;
+----------------+-------+---------------------------------------------------------+
; Parameter Name ; Value ; Type                                                    ;
+----------------+-------+---------------------------------------------------------+
; N              ; 18    ; Signed Integer                                          ;
; V              ; 3     ; Signed Integer                                          ;
+----------------+-------+---------------------------------------------------------+
Note: In order to hide this table in the UI and the text report file, please set the "Show Parameter Settings in Synthesis Report" option in "Analysis and Synthesis Settings -> More Settings" to "Off".


+-----------------------------------------------------+
; Post-Synthesis Netlist Statistics for Top Partition ;
+-----------------------+-----------------------------+
; Type                  ; Count                       ;
+-----------------------+-----------------------------+
; arriav_ff             ; 270                         ;
;     ENA               ; 270                         ;
; arriav_lcell_comb     ; 233                         ;
;     normal            ; 233                         ;
;         3 data inputs ; 36                          ;
;         4 data inputs ; 2                           ;
;         5 data inputs ; 51                          ;
;         6 data inputs ; 144                         ;
; boundary_port         ; 86                          ;
;                       ;                             ;
; Max LUT depth         ; 3.00                        ;
; Average LUT depth     ; 2.76                        ;
+-----------------------+-----------------------------+


+-------------------------------+
; Elapsed Time Per Partition    ;
+----------------+--------------+
; Partition Name ; Elapsed Time ;
+----------------+--------------+
; Top            ; 00:00:00     ;
+----------------+--------------+


+-------------------------------+
; Analysis & Synthesis Messages ;
+-------------------------------+
Info: *******************************************************************
Info: Running Quartus Prime Analysis & Synthesis
    Info: Version 18.0.0 Build 614 04/24/2018 SJ Lite Edition
    Info: Processing started: Tue Aug 27 01:03:48 2019
Info: Command: quartus_map --read_settings_files=on --write_settings_files=off RegFile-Vectorial -c RegFile-Vectorial
Warning (18236): Number of processors has not been specified which may cause overloading on shared machines.  Set the global assignment NUM_PARALLEL_PROCESSORS in your QSF to an appropriate value for best performance.
Info (20030): Parallel compilation is enabled and will use 4 of the 4 processors detected
Info (12021): Found 1 design units, including 1 entities, in source file regfilevectorial.sv
    Info (12023): Found entity 1: regfileVectorial File: C:/Users/Pablo/Documents/1-TEC/Arqui1/Proyecto1/RegFile-Vectorial/regfileVectorial.sv Line: 1
Info (12127): Elaborating entity "regfileVectorial" for the top level hierarchy
Warning (10230): Verilog HDL assignment warning at regfileVectorial.sv(14): truncated value with size 54 to match size of target (18) File: C:/Users/Pablo/Documents/1-TEC/Arqui1/Proyecto1/RegFile-Vectorial/regfileVectorial.sv Line: 14
Warning (10230): Verilog HDL assignment warning at regfileVectorial.sv(15): truncated value with size 54 to match size of target (18) File: C:/Users/Pablo/Documents/1-TEC/Arqui1/Proyecto1/RegFile-Vectorial/regfileVectorial.sv Line: 15
Info (276014): Found 1 instances of uninferred RAM logic
    Info (276007): RAM logic "registerVector" is uninferred due to asynchronous read logic File: C:/Users/Pablo/Documents/1-TEC/Arqui1/Proyecto1/RegFile-Vectorial/regfileVectorial.sv Line: 7
Info (286030): Timing-Driven Synthesis is running
Info (17049): 540 registers lost all their fanouts during netlist optimizations.
Info (16010): Generating hard_block partition "hard_block:auto_generated_inst"
    Info (16011): Adding 0 node(s), including 0 DDIO, 0 PLL, 0 transceiver and 0 LCELL
Info (21057): Implemented 589 device resources after synthesis - the final resource count might be different
    Info (21058): Implemented 50 input pins
    Info (21059): Implemented 36 output pins
    Info (21061): Implemented 503 logic cells
Info: Quartus Prime Analysis & Synthesis was successful. 0 errors, 3 warnings
    Info: Peak virtual memory: 4838 megabytes
    Info: Processing ended: Tue Aug 27 01:03:59 2019
    Info: Elapsed time: 00:00:11
    Info: Total CPU time (on all processors): 00:00:21


